[Smiley]
	Code: :)
	Description: Happy
	Image: smiley-face-happy.gif
	Group: Faces
[/Smiley]

[Smiley]
	Code: :D
	Description: Big grin
	Image: smiley-face-biggrin.gif
	Group: Faces
[/Smiley]

[Smiley]
	Code: :))
	Description: Laughing
	Image: smiley-face-laugh.gif
	Group: Faces
[/Smiley]

[Smiley]
	Code: :(
	Description: sad
	Image: smiley-face-sad.gif
	Group: Faces
[/Smiley]

[Smiley]
	Code: :((
	Description: Crying
	Image: smiley-face-cry.gif
	Group: Faces
[/Smiley]

[Smiley]
	Code: :P
	Description: Tongue out
	Image: smiley-face-tongue.gif
	Group: Faces
[/Smiley]

[Smiley]
	Code: ;)
	Description: Wink
	Image: smiley-face-wink.gif
	Group: Faces
[/Smiley]

[Smiley]
	Code: :O
	Description: Oh my!
	Image: smiley-face-ohmy.gif
	Group: Faces
[/Smiley]

[Smiley]
	Code: o.O
	Description: Blink
	Image: smiley-face-blink.gif
	Group: Faces
[/Smiley]

[Smiley]
	Code: B|
	Description: Cool
	Image: smiley-face-cool.gif
	Group: Faces
[/Smiley]

[Smiley]
	Code: :-?
	Description: Unsure
	Image: smiley-face-huh.gif
	Group: Faces
[/Smiley]

[Smiley]
	Code: >:(
	Description: Mad, angry
	Image: smiley-face-mad.gif
	Group: Faces
[/Smiley]

[Smiley]
	Code: >:O
	Description: At the limit
	Image: smiley-face-thatsit.gif
	Group: Faces
[/Smiley]

[Smiley]
	Code: 3:)
	Description: Devil
	Image: smiley-face-devil.gif
	Group: Faces
[/Smiley]

[Smiley]
	Code: :/
	Description: Unsure
	Image: smiley-face-unsure.gif
	Group: Faces
[/Smiley]

[Smiley]
	Code: \w/
	Description: Welcome
	Image: smiley-face-welcome.gif
	Group: Faces
[/Smiley]

[Smiley]
	Code: *thumbsup*
	Description: Thumbs up
	Image: smiley-face-thumb.gif
	Group: Faces
[/Smiley]

[Smiley]
	Code: *cloud*
	Description: Cloud
	Image: smiley-face-cloud.gif
	Group: Faces
[/Smiley]

[Smiley]
	Code: *cheer*
	Description: Cheer
	Image: smiley-face-cheer.gif
	Group: Faces
[/Smiley]

[Smiley]
	Code: x_x
	Description: Fainted
	Image: smiley-face-stretcher.gif
	Group: Faces
[/Smiley]

[Smiley]
	Code: (:|
	Description: Sleepy
	Image: smiley-face-sleep.gif
	Group: Faces
[/Smiley]

[Smiley]
	Code: 8-|
	Description: Roll eyes
	Image: smiley-face-rolleyes.gif
	Group: Faces
[/Smiley]

[Smiley]
	Code: *popcorn*
	Description: Eating popcorn
	Image: smiley-face-popcorn.gif
	Group: Faces
[/Smiley]

[Smiley]
	Code: *poke*
	Description: Poke
	Image: smiley-face-poke.gif
	Group: Faces
[/Smiley]

[Smiley]
	Code: *phone*
	Description: Phone
	Image: smiley-face-phone.gif
	Group: Faces
[/Smiley]

[Smiley]
	Code: *whack*
	Description: PC Whack
	Image: smiley-face-pcwhack.gif
	Group: Faces
[/Smiley]

[Smiley]
	Code: *gn*
	Description: Good night!
	Image: smiley-face-night.gif
	Group: Faces
[/Smiley]

[Smiley]
	Code: :|
	Description: Mellow
	Image: smiley-face-mellow.gif
	Group: Faces
[/Smiley]

[Smiley]
	Code: *lies*
	Description: Lies!
	Image: smiley-face-lies.gif
	Group: Faces
[/Smiley]

[Smiley]
	Code: >:D<
	Description: Hug
	Image: smiley-face-hug.gif
	Group: Faces
[/Smiley]

[Smiley]
	Code: O:-)
	Description: Halo
	Image: smiley-face-halo.gif
	Group: Faces
[/Smiley]

[Smiley]
	Code: :-h
	Description: Group wave
	Image: smiley-face-groupwave.gif
	Group: Faces
[/Smiley]

[Smiley]
	Code: >>:D<<
	Description: Group hug
	Image: smiley-face-grouphug.gif
	Group: Faces
[/Smiley]

[Smiley]
	Code: *girlpower*
	Description: Girl power!
	Image: smiley-face-girlpower.gif
	Group: Faces
[/Smiley]

[Smiley]
	Code: *fuzzy*
	Description: Fuzzy
	Image: smiley-face-fuzzy.gif
	Group: Faces
[/Smiley]

[Smiley]
	Code: *fart*
	Description: Fart
	Image: smiley-face-fart.gif
	Group: Faces
[/Smiley]

[Smiley]
	Code: *dry*
	Description: Dry
	Image: smiley-face-dry.gif
	Group: Faces
[/Smiley]

[Smiley]
	Code: *drunk*
	Description: Drunk
	Image: smiley-face-drunk.gif
	Group: Faces
[/Smiley]

[Smiley]
	Code: =P~
	Description: Drooling
	Image: smiley-face-drool.gif
	Group: Faces
[/Smiley]

[Smiley]
	Code: *sun*
	Description: Sun
	Image: smiley-face-sun.gif
	Group: Faces
[/Smiley]

[Smiley]
	Code: *time*
	Description: Time's ticking..
	Image: smiley-face-clock.gif
	Group: Faces
[/Smiley]

[Smiley]
	Code: <3
	Description: Love
	Image: smiley-face-hug-love.gif
	Group: Faces
[/Smiley]

[Smiley]
	Code: :*
	Description: Kiss
	Image: smiley-face-cheekkiss.gif
	Group: Faces
[/Smiley]

[Smiley]
	Code: *cupid*
	Description: Cupid
	Image: smiley-face-cupid.gif
	Group: Faces
[/Smiley]

[Smiley]
	Code: *valentines*
	Description: Happy Valentines~
	Image: smiley-face-valentines.gif
	Group: Faces
[/Smiley]

[Smiley]
	Code: *kiss*
	Description: Kiss
	Image: smiley-face-kiss.gif
	Group: Faces
[/Smiley]

[Smiley]
	Code: *rose*
	Description: Rose
	Image: smiley-face-rose.gif
	Group: Faces
[/Smiley]

[Smiley]
	Code: *hbd*
	Description: Happy birthday!
	Image: smiley-face-birthday.gif
	Group: Faces
[/Smiley]

[Smiley]
	Code: *superman*
	Description: Superman
	Image: smiley-face-superman.gif
	Group: Faces
[/Smiley]

[Smiley]
	Code: *couch*
	Description: Couch
	Image: smiley-face-couch.gif
	Group: Faces
[/Smiley]

[Smiley]
	Code: *ambulance*
	Description: Ambulance
	Image: smiley-face-ambulance.gif
	Group: Faces
[/Smiley]

[Smiley]
	Code: *ufo*
	Description: UFO
	Image: smiley-face-ufo.gif
	Group: Faces
[/Smiley]

[Smiley]
	Code: *pizza*
	Description: Pizza
	Image: smiley-face-pizza.gif
	Group: Faces
[/Smiley]

[Smiley]
	Code: *fries*
	Description: Fries
	Image: smiley-face-fries.gif
	Group: Faces
[/Smiley]

[Smiley]
	Code: *cola*
	Description: Cola
	Image: smiley-face-cola.gif
	Group: Faces
[/Smiley]

[Smiley]
	Code: *rainbow*
	Description: Rainbow
	Image: smiley-face-rainbow.gif
	Group: Faces
[/Smiley]

[Smiley]
	Code: *neo*
	Description: Wake up, Neo...
	Image: smiley-face-neo.gif
	Group: Faces
[/Smiley]

[Smiley]
	Code: ??
	Description: Question mark
	Image: smiley-face-question.png
	Group: Faces
[/Smiley]

[Smiley]
	Code: !!
	Description: Exclamation mark
	Image: smiley-face-exclamation.png
	Group: Faces
[/Smiley]

[Smiley]
	Code: *sasuke*
	Description: Sasuke
	Image: emoticon-anime-001.gif
	Group: anime
[/Smiley]

[Smiley]
	Code: *kakashi*
	Description: Kakashi
	Image: emoticon-anime-002.gif
	Group: anime
[/Smiley]

[Smiley]
	Code: *gaara*
	Description: Gaara
	Image: emoticon-anime-003.gif
	Group: anime
[/Smiley]

[Smiley]
	Code: *elric*
	Description: Edward Elric
	Image: emoticon-anime-005.gif
	Group: anime
[/Smiley]

[Smiley]
	Code: *HelloKitty*
	Description: Hello Kitty
	Image: emoticon-anime-004.gif
	Group: anime
[/Smiley]

[Smiley]
	Code: *AnimeGirl*
	Description: Anime girl
	Image: emoticon-anime-007.gif
	Group: anime
[/Smiley]

[Smiley]
	Code: *LonelyCat*
	Description: Lonely cat
	Image: emoticon-anime-006.gif
	Group: anime
[/Smiley]

[Smiley]
	Code: *trash*
	Description: Trash
	Image: emoticon-anime-059.gif
	Group: anime
[/Smiley]

[Smiley]
	Code: *powerpuff*
	Description: Powerpuff Girls
	Image: emoticon-anime-008.gif
	Group: anime
[/Smiley]

[Smiley]
	Code: *SnowballFight*
	Description: Snowball fight
	Image: emoticon-anime-009.gif
	Group: anime
[/Smiley]

[Smiley]
	Code: *alladin*
	Description: Alladin 
	Image: emoticon-anime-010.gif
	Group: anime
[/Smiley]

[Smiley]
	Code: *alladin2*
	Description: Alladin
	Image: emoticon-anime-011.gif
	Group: anime
[/Smiley]

[Smiley]
	Code: *genie*
	Description: Genie
	Image: emoticon-anime-012.gif
	Group: anime
[/Smiley]

[Smiley]
	Code: *AlladinXJasmine*
	Description: Alladin x Jasmine
	Image: emoticon-anime-013.gif
	Group: anime
[/Smiley]

[Smiley]
	Code: *sadcat*
	Description: Sad cat
	Image: emoticon-anime-014.gif
	Group: anime
[/Smiley]

[Smiley]
	Code: *jumpmouse*
	Description: Jumping mouse
	Image: emoticon-anime-016.gif
	Group: anime
[/Smiley]

[Smiley]
	Code: *jumpbear*
	Description: Jumping bear
	Image: emoticon-anime-017.gif
	Group: anime
[/Smiley]

[Smiley]
	Code: *jumpduck*
	Description: Jumping duck
	Image: emoticon-anime-018.gif
	Group: anime
[/Smiley]

[Smiley]
	Code: *dog*
	Description: dog
	Image: emoticon-anime-019.gif
	Group: anime
[/Smiley]

[Smiley]
	Code: *asterix*
	Description: Asterix
	Image: emoticon-anime-020.gif
	Group: anime
[/Smiley]

[Smiley]
	Code: *obelix*
	Description: Obelix
	Image: emoticon-anime-057.gif
	Group: anime
[/Smiley]

[Smiley]
	Code: *SpeedyGonzales*
	Description: Speedy Gonzales
	Image: emoticon-anime-021.gif
	Group: anime
[/Smiley]

[Smiley]
	Code: *muttley*
	Description: Muttley
	Image: emoticon-anime-022.gif
	Group: anime
[/Smiley]

[Smiley]
	Code: *bart*
	Description: Bart Simpson
	Image: emoticon-anime-023.gif
	Group: anime
[/Smiley]

[Smiley]
	Code: *smurf*
	Description: Smurf running
	Image: emoticon-anime-024.gif
	Group: anime
[/Smiley]

[Smiley]
	Code: *nonono*
	Description: Dislike
	Image: emoticon-anime-025.gif
	Group: anime
[/Smiley]

[Smiley]
	Code: *wolverine*
	Description: Wolverine 
	Image: emoticon-anime-026.gif
	Group: anime
[/Smiley]

[Smiley]
	Code: *wolverine2*
	Description: Wolverine
	Image: emoticon-anime-029.gif
	Group: anime
[/Smiley]

[Smiley]
	Code: *programming*
	Description: Programming
	Image: emoticon-anime-027.gif
	Group: anime
[/Smiley]

[Smiley]
	Code: =))
	Description: Laughing
	Image: emoticon-anime-028.gif
	Group: anime
[/Smiley]

[Smiley]
	Code: *LionKing*
	Description: Lion King
	Image: emoticon-anime-030.gif
	Group: anime
[/Smiley]

[Smiley]
	Code: *LionKing2*
	Description: Lion King
	Image: emoticon-anime-054.gif
	Group: anime
[/Smiley]

[Smiley]
	Code: *dumbo*
	Description: Dumbo
	Image: emoticon-anime-031.gif
	Group: anime
[/Smiley]

[Smiley]
	Code: *running*
	Description: Running
	Image: emoticon-anime-032.gif
	Group: anime
[/Smiley]

[Smiley]
	Code: *jumping*
	Description: Jumping
	Image: emoticon-anime-033.gif
	Group: anime
[/Smiley]

[Smiley]
	Code: *bjenet*
	Description: Bonne Jenet
	Image: emoticon-anime-034.gif
	Group: anime
[/Smiley]

[Smiley]
	Code: *subzero*
	Description: Sub-Zero
	Image: emoticon-anime-035.gif
	Group: anime
[/Smiley]

[Smiley]
	Code: *reptile*
	Description: Reptile
	Image: emoticon-anime-036.gif
	Group: anime
[/Smiley]

[Smiley]
	Code: *batman*
	Description: Batman
	Image: emoticon-anime-037.gif
	Group: anime
[/Smiley]

[Smiley]
	Code: *taz*
	Description: Taz
	Image: emoticon-anime-038.gif
	Group: anime
[/Smiley]

[Smiley]
	Code: *roadrunner*
	Description: Roadrunner
	Image: emoticon-anime-039.gif
	Group: anime
[/Smiley]

[Smiley]
	Code: *duffyduck*
	Description: Duffy Duck
	Image: emoticon-anime-040.gif
	Group: anime
[/Smiley]

[Smiley]
	Code: *duffyduck2*
	Description: Duffy Duck
	Image: emoticon-anime-041.gif
	Group: anime
[/Smiley]

[Smiley]
	Code: *elmerfudd*
	Description: Elmer Fudd
	Image: emoticon-anime-042.gif
	Group: anime
[/Smiley]

[Smiley]
	Code: *bunny*
	Description: Bunny
	Image: emoticon-anime-044.gif
	Group: anime
[/Smiley]

[Smiley]
	Code: *tongueout*
	Description: Tongue out
	Image: emoticon-anime-045.gif
	Group: anime
[/Smiley]

[Smiley]
	Code: *cyndaquil*
	Description: Cyndaquil
	Image: emoticon-anime-043.gif
	Group: anime
[/Smiley]

[Smiley]
	Code: *chikorita*
	Description: Chikorita
	Image: emoticon-anime-046.gif
	Group: anime
[/Smiley]

[Smiley]
	Code: *totodile*
	Description: Totodile
	Image: emoticon-anime-047.gif
	Group: anime
[/Smiley]

[Smiley]
	Code: *pikachu*
	Description: Pikachu
	Image: emoticon-anime-015.gif
	Group: anime
[/Smiley]

[Smiley]
	Code: *pikachu2*
	Description: Pikachu
	Image: emoticon-anime-048.gif
	Group: anime
[/Smiley]

[Smiley]
	Code: *pikachu3*
	Description: Pikachu crying
	Image: emoticon-anime-049.png
	Group: anime
[/Smiley]

[Smiley]
	Code: *kenny*
	Description: Kenny
	Image: emoticon-anime-050.gif
	Group: anime
[/Smiley]

[Smiley]
	Code: *kenny2*
	Description: Kenny
	Image: emoticon-anime-051.gif
	Group: anime
[/Smiley]

[Smiley]
	Code: *cartman*
	Description: Cartman
	Image: emoticon-anime-052.gif
	Group: anime
[/Smiley]

[Smiley]
	Code: *cartman2*
	Description: Cartman
	Image: emoticon-anime-053.gif
	Group: anime
[/Smiley]

[Smiley]
	Code: *taxi*
	Description: Taxi
	Image: emoticon-anime-055.gif
	Group: anime
[/Smiley]

[Smiley]
	Code: *dog2*
	Description: Dog
	Image: emoticon-anime-056.gif
	Group: anime
[/Smiley]

[Smiley]
	Code: *winnie-the-pooh*
	Description: Winnie the Pooh
	Image: emoticon-anime-058.gif
	Group: anime
[/Smiley]

[Smiley]
	Code: *cry*
	Description: Crying
	Image: tuzki-bunny-emoticon-001.gif
	Group: Tuzki bunny
[/Smiley]

[Smiley]
	Code: *kissing*
	Description: Kissing
	Image: tuzki-bunny-emoticon-004.gif
	Group: Tuzki bunny
[/Smiley]

[Smiley]
	Code: *love*
	Description: With love~
	Image: tuzki-bunny-emoticon-040.gif
	Group: Tuzki bunny
[/Smiley]

[Smiley]
	Code: *no*
	Description: NO!
	Image: tuzki-bunny-emoticon-005.gif
	Group: Tuzki bunny
[/Smiley]

[Smiley]
	Code: *falling*
	Description: Falling
	Image: tuzki-bunny-emoticon-006.gif
	Group: Tuzki bunny
[/Smiley]

[Smiley]
	Code: *giggle*
	Description: Giggle
	Image: tuzki-bunny-emoticon-007.gif
	Group: Tuzki bunny
[/Smiley]

[Smiley]
	Code: *tablethrow*
	Description: Throwing the table
	Image: tuzki-bunny-emoticon-008.gif
	Group: Tuzki bunny
[/Smiley]

[Smiley]
	Code: *jail*
	Description: In jail
	Image: tuzki-bunny-emoticon-009.gif
	Group: Tuzki bunny
[/Smiley]

[Smiley]
	Code: *toilet*
	Description: Need a toilet
	Image: tuzki-bunny-emoticon-010.gif
	Group: Tuzki bunny
[/Smiley]

[Smiley]
	Code: *ballerino*
	Description: Ballerino
	Image: tuzki-bunny-emoticon-011.gif
	Group: Tuzki bunny
[/Smiley]

[Smiley]
	Code: *saviour*
	Description: Saviour
	Image: tuzki-bunny-emoticon-012.gif
	Group: Tuzki bunny
[/Smiley]

[Smiley]
	Code: *kungfu*
	Description: Kung-Fu master
	Image: tuzki-bunny-emoticon-013.gif
	Group: Tuzki bunny
[/Smiley]

[Smiley]
	Code: *attentive*
	Description: Attentive
	Image: tuzki-bunny-emoticon-014.gif
	Group: Tuzki bunny
[/Smiley]

[Smiley]
	Code: *happy*
	Description: Happy
	Image: tuzki-bunny-emoticon-016.gif
	Group: Tuzki bunny
[/Smiley]

[Smiley]
	Code: *dancing*
	Description: Dancing
	Image: tuzki-bunny-emoticon-002.gif
	Group: Tuzki bunny
[/Smiley]

[Smiley]
	Code: *dancing2*
	Description: Dancing
	Image: tuzki-bunny-emoticon-018.gif
	Group: Tuzki bunny
[/Smiley]

[Smiley]
	Code: *dancing3*
	Description: Dancing
	Image: tuzki-bunny-emoticon-025.gif
	Group: Tuzki bunny
[/Smiley]

[Smiley]
	Code: *dancing4*
	Description: Dancing
	Image: tuzki-bunny-emoticon-029.gif
	Group: Tuzki bunny
[/Smiley]

[Smiley]
	Code: *groupdance*
	Description: Group dance
	Image: tuzki-bunny-emoticon-042.gif
	Group: Tuzki bunny
[/Smiley]

[Smiley]
	Code: *superhero*
	Description: Superhero
	Image: tuzki-bunny-emoticon-003.gif
	Group: Tuzki bunny
[/Smiley]

[Smiley]
	Code: *flying*
	Description: Flying
	Image: tuzki-bunny-emoticon-019.gif
	Group: Tuzki bunny
[/Smiley]

[Smiley]
	Code: *flying2*
	Description: Flying
	Image: tuzki-bunny-emoticon-036.gif
	Group: Tuzki bunny
[/Smiley]

[Smiley]
	Code: *robot*
	Description: Robot
	Image: tuzki-bunny-emoticon-020.gif
	Group: Tuzki bunny
[/Smiley]

[Smiley]
	Code: *facepalm*
	Description: Facepalm
	Image: tuzki-bunny-emoticon-021.gif
	Group: Tuzki bunny
[/Smiley]

[Smiley]
	Code: *armwave*
	Description: Arm wave dance
	Image: tuzki-bunny-emoticon-022.gif
	Group: Tuzki bunny
[/Smiley]

[Smiley]
	Code: *headbang*
	Description: Head bang
	Image: tuzki-bunny-emoticon-015.gif
	Group: Tuzki bunny
[/Smiley]

[Smiley]
	Code: *wallbang*
	Description: Wall bang
	Image: tuzki-bunny-emoticon-023.gif
	Group: Tuzki bunny
[/Smiley]

[Smiley]
	Code: *facesmash*
	Description: Face smash
	Image: tuzki-bunny-emoticon-043.gif
	Group: Tuzki bunny
[/Smiley]

[Smiley]
	Code: *stab*
	Description: Stabbing
	Image: tuzki-bunny-emoticon-027.gif
	Group: Tuzki bunny
[/Smiley]

[Smiley]
	Code: *eating*
	Description: Eating
	Image: tuzki-bunny-emoticon-024.gif
	Group: Tuzki bunny
[/Smiley]

[Smiley]
	Code: *idk*
	Description: I don't know
	Image: tuzki-bunny-emoticon-026.gif
	Group: Tuzki bunny
[/Smiley]

[Smiley]
	Code: *ohno*
	Description: Oh no!
	Image: tuzki-bunny-emoticon-028.gif
	Group: Tuzki bunny
[/Smiley]

[Smiley]
	Code: *impossible*
	Description: Impossible
	Image: tuzki-bunny-emoticon-031.gif
	Group: Tuzki bunny
[/Smiley]

[Smiley]
	Code: *spilling*
	Description: Spilling coffee
	Image: tuzki-bunny-emoticon-32.gif
	Group: Tuzki bunny
[/Smiley]

[Smiley]
	Code: *music*
	Description: Listening to music
	Image: tuzki-bunny-emoticon-033.gif
	Group: Tuzki bunny
[/Smiley]

[Smiley]
	Code: *yes*
	Description: Yes!
	Image: tuzki-bunny-emoticon-037.gif
	Group: Tuzki bunny
[/Smiley]

[Smiley]
	Code: *mybaby*
	Description: My baby!
	Image: tuzki-bunny-emoticon-038.gif
	Group: Tuzki bunny
[/Smiley]

[Smiley]
	Code: *bye*
	Description: Bye bye~
	Image: tuzki-bunny-emoticon-030.gif
	Group: Tuzki bunny
[/Smiley]

[Smiley]
	Code: *goodnight*
	Description: Good night~
	Image: tuzki-bunny-emoticon-039.gif
	Group: Tuzki bunny
[/Smiley]

[Smiley]
	Code: *dontmention*
	Description: Don't mention it
	Image: tuzki-bunny-emoticon-041.gif
	Group: Tuzki bunny
[/Smiley]

[Smiley]
	Code: *hyper*
	Description: Hyperactive
	Image: tuzki-bunny-emoticon-035.gif
	Group: Tuzki bunny
[/Smiley]

[Smiley]
	Code: *bored*
	Description: Bored
	Image: tuzki-bunny-emoticon-034.gif
	Group: Tuzki bunny
[/Smiley]

[Smiley]
	Code: *dozing*
	Description: Dozing off
	Image: tuzki-bunny-emoticon-044.gif
	Group: Tuzki bunny
[/Smiley]

[Smiley]
	Code: *sleepy*
	Description: Sleepy
	Image: tuzki-bunny-emoticon-046.gif
	Group: Tuzki bunny
[/Smiley]

[Smiley]
	Code: *happybday*
	Description: Happy Birthday!
	Image: tuzki-bunny-emoticon-045.gif
	Group: Tuzki bunny
[/Smiley]
